------------------------------------------------------------
Timing Analyzer Summary
------------------------------------------------------------

Type  : Setup 'pbl2:part2|from_50mhz_to_1hz:d0|clock_divisor:d25|Q'
Slack : -3.000
TNS   : -10.060

Type  : Setup 'pbl2:part2|from_50mhz_to_1hz:d0|clock_divisor:d14|Q'
Slack : -1.384
TNS   : -9.382

Type  : Setup 'pbl2:part2|from_50mhz_to_1hz:d0|clock_divisor:d17|Q'
Slack : -1.219
TNS   : -1.219

Type  : Setup 'pbl2:part2|from_50mhz_to_1hz:d0|clock_divisor:d21|Q'
Slack : -1.219
TNS   : -1.219

Type  : Setup 'pbl2:part2|from_50mhz_to_1hz:d0|clock_divisor:d4|Q'
Slack : -1.219
TNS   : -1.219

Type  : Setup 'pbl2:part2|from_50mhz_to_1hz:d0|clock_divisor:d13|Q'
Slack : -1.218
TNS   : -1.218

Type  : Setup 'pbl2:part2|from_50mhz_to_1hz:d0|clock_divisor:d15|Q'
Slack : -1.218
TNS   : -1.218

Type  : Setup 'pbl2:part2|from_50mhz_to_1hz:d0|clock_divisor:d18|Q'
Slack : -1.218
TNS   : -1.218

Type  : Setup 'pbl2:part2|from_50mhz_to_1hz:d0|clock_divisor:d22|Q'
Slack : -1.217
TNS   : -1.217

Type  : Setup 'pbl2:part2|from_50mhz_to_1hz:d0|clock_divisor:d5|Q'
Slack : -1.217
TNS   : -1.217

Type  : Setup 'pbl2:part2|from_50mhz_to_1hz:d0|clock_divisor:d0|Q'
Slack : -1.214
TNS   : -1.214

Type  : Setup 'pbl2:part2|from_50mhz_to_1hz:d0|clock_divisor:d10|Q'
Slack : -1.214
TNS   : -1.214

Type  : Setup 'pbl2:part2|from_50mhz_to_1hz:d0|clock_divisor:d11|Q'
Slack : -1.213
TNS   : -1.213

Type  : Setup 'pbl2:part2|from_50mhz_to_1hz:d0|clock_divisor:d1|Q'
Slack : -1.213
TNS   : -1.213

Type  : Setup 'pbl2:part2|from_50mhz_to_1hz:d0|clock_divisor:d20|Q'
Slack : -1.208
TNS   : -1.208

Type  : Setup 'pbl2:part2|from_50mhz_to_1hz:d0|clock_divisor:d2|Q'
Slack : -1.208
TNS   : -1.208

Type  : Setup 'pbl2:part2|from_50mhz_to_1hz:d0|clock_divisor:d7|Q'
Slack : -1.208
TNS   : -1.208

Type  : Setup 'pbl2:part2|from_50mhz_to_1hz:d0|clock_divisor:d6|Q'
Slack : -1.207
TNS   : -1.207

Type  : Setup 'pbl2:part2|from_50mhz_to_1hz:d0|clock_divisor:d12|Q'
Slack : -1.206
TNS   : -1.206

Type  : Setup 'pbl2:part2|from_50mhz_to_1hz:d0|clock_divisor:d3|Q'
Slack : -1.206
TNS   : -1.206

Type  : Setup 'pbl2:part2|from_50mhz_to_1hz:d0|clock_divisor:d19|Q'
Slack : -1.205
TNS   : -1.205

Type  : Setup 'pbl2:part2|from_50mhz_to_1hz:d0|clock_divisor:d23|Q'
Slack : -1.204
TNS   : -1.204

Type  : Setup 'pbl2:part2|from_50mhz_to_1hz:d0|clock_divisor:d24|Q'
Slack : -1.204
TNS   : -1.204

Type  : Setup 'pbl2:part2|from_50mhz_to_1hz:d0|clock_divisor:d8|Q'
Slack : -1.204
TNS   : -1.204

Type  : Setup 'pbl2:part2|from_50mhz_to_1hz:d0|clock_divisor:d9|Q'
Slack : -1.204
TNS   : -1.204

Type  : Setup 'clock'
Slack : -1.199
TNS   : -1.199

Type  : Setup 'pbl2:part2|from_50mhz_to_1hz:d0|clock_divisor:d16|Q'
Slack : -1.198
TNS   : -1.198

Type  : Hold 'pbl2:part2|from_50mhz_to_1hz:d0|clock_divisor:d0|Q'
Slack : -2.832
TNS   : -2.832

Type  : Hold 'pbl2:part2|from_50mhz_to_1hz:d0|clock_divisor:d14|Q'
Slack : -2.102
TNS   : -2.102

Type  : Hold 'clock'
Slack : -1.820
TNS   : -1.820

Type  : Hold 'pbl2:part2|from_50mhz_to_1hz:d0|clock_divisor:d21|Q'
Slack : -1.439
TNS   : -1.439

Type  : Hold 'pbl2:part2|from_50mhz_to_1hz:d0|clock_divisor:d17|Q'
Slack : -1.329
TNS   : -1.329

Type  : Hold 'pbl2:part2|from_50mhz_to_1hz:d0|clock_divisor:d4|Q'
Slack : -1.308
TNS   : -1.308

Type  : Hold 'pbl2:part2|from_50mhz_to_1hz:d0|clock_divisor:d10|Q'
Slack : -1.222
TNS   : -1.222

Type  : Hold 'pbl2:part2|from_50mhz_to_1hz:d0|clock_divisor:d16|Q'
Slack : -0.868
TNS   : -0.868

Type  : Hold 'pbl2:part2|from_50mhz_to_1hz:d0|clock_divisor:d23|Q'
Slack : -0.867
TNS   : -0.867

Type  : Hold 'pbl2:part2|from_50mhz_to_1hz:d0|clock_divisor:d8|Q'
Slack : -0.867
TNS   : -0.867

Type  : Hold 'pbl2:part2|from_50mhz_to_1hz:d0|clock_divisor:d6|Q'
Slack : -0.865
TNS   : -0.865

Type  : Hold 'pbl2:part2|from_50mhz_to_1hz:d0|clock_divisor:d12|Q'
Slack : -0.864
TNS   : -0.864

Type  : Hold 'pbl2:part2|from_50mhz_to_1hz:d0|clock_divisor:d2|Q'
Slack : -0.862
TNS   : -0.862

Type  : Hold 'pbl2:part2|from_50mhz_to_1hz:d0|clock_divisor:d19|Q'
Slack : -0.593
TNS   : -0.593

Type  : Hold 'pbl2:part2|from_50mhz_to_1hz:d0|clock_divisor:d20|Q'
Slack : -0.518
TNS   : -0.518

Type  : Hold 'pbl2:part2|from_50mhz_to_1hz:d0|clock_divisor:d13|Q'
Slack : -0.515
TNS   : -0.515

Type  : Hold 'pbl2:part2|from_50mhz_to_1hz:d0|clock_divisor:d24|Q'
Slack : -0.511
TNS   : -0.511

Type  : Hold 'pbl2:part2|from_50mhz_to_1hz:d0|clock_divisor:d3|Q'
Slack : -0.509
TNS   : -0.509

Type  : Hold 'pbl2:part2|from_50mhz_to_1hz:d0|clock_divisor:d9|Q'
Slack : -0.509
TNS   : -0.509

Type  : Hold 'pbl2:part2|from_50mhz_to_1hz:d0|clock_divisor:d7|Q'
Slack : -0.505
TNS   : -0.505

Type  : Hold 'pbl2:part2|from_50mhz_to_1hz:d0|clock_divisor:d11|Q'
Slack : -0.504
TNS   : -0.504

Type  : Hold 'pbl2:part2|from_50mhz_to_1hz:d0|clock_divisor:d1|Q'
Slack : -0.504
TNS   : -0.504

Type  : Hold 'pbl2:part2|from_50mhz_to_1hz:d0|clock_divisor:d15|Q'
Slack : -0.499
TNS   : -0.499

Type  : Hold 'pbl2:part2|from_50mhz_to_1hz:d0|clock_divisor:d18|Q'
Slack : -0.499
TNS   : -0.499

Type  : Hold 'pbl2:part2|from_50mhz_to_1hz:d0|clock_divisor:d22|Q'
Slack : -0.498
TNS   : -0.498

Type  : Hold 'pbl2:part2|from_50mhz_to_1hz:d0|clock_divisor:d5|Q'
Slack : -0.498
TNS   : -0.498

Type  : Hold 'pbl2:part2|from_50mhz_to_1hz:d0|clock_divisor:d25|Q'
Slack : 2.149
TNS   : 0.000

Type  : Minimum Pulse Width 'clock'
Slack : -2.289
TNS   : -2.289

Type  : Minimum Pulse Width 'pbl2:part2|from_50mhz_to_1hz:d0|clock_divisor:d0|Q'
Slack : 0.234
TNS   : 0.000

Type  : Minimum Pulse Width 'pbl2:part2|from_50mhz_to_1hz:d0|clock_divisor:d10|Q'
Slack : 0.234
TNS   : 0.000

Type  : Minimum Pulse Width 'pbl2:part2|from_50mhz_to_1hz:d0|clock_divisor:d11|Q'
Slack : 0.234
TNS   : 0.000

Type  : Minimum Pulse Width 'pbl2:part2|from_50mhz_to_1hz:d0|clock_divisor:d12|Q'
Slack : 0.234
TNS   : 0.000

Type  : Minimum Pulse Width 'pbl2:part2|from_50mhz_to_1hz:d0|clock_divisor:d13|Q'
Slack : 0.234
TNS   : 0.000

Type  : Minimum Pulse Width 'pbl2:part2|from_50mhz_to_1hz:d0|clock_divisor:d14|Q'
Slack : 0.234
TNS   : 0.000

Type  : Minimum Pulse Width 'pbl2:part2|from_50mhz_to_1hz:d0|clock_divisor:d15|Q'
Slack : 0.234
TNS   : 0.000

Type  : Minimum Pulse Width 'pbl2:part2|from_50mhz_to_1hz:d0|clock_divisor:d16|Q'
Slack : 0.234
TNS   : 0.000

Type  : Minimum Pulse Width 'pbl2:part2|from_50mhz_to_1hz:d0|clock_divisor:d17|Q'
Slack : 0.234
TNS   : 0.000

Type  : Minimum Pulse Width 'pbl2:part2|from_50mhz_to_1hz:d0|clock_divisor:d18|Q'
Slack : 0.234
TNS   : 0.000

Type  : Minimum Pulse Width 'pbl2:part2|from_50mhz_to_1hz:d0|clock_divisor:d19|Q'
Slack : 0.234
TNS   : 0.000

Type  : Minimum Pulse Width 'pbl2:part2|from_50mhz_to_1hz:d0|clock_divisor:d1|Q'
Slack : 0.234
TNS   : 0.000

Type  : Minimum Pulse Width 'pbl2:part2|from_50mhz_to_1hz:d0|clock_divisor:d20|Q'
Slack : 0.234
TNS   : 0.000

Type  : Minimum Pulse Width 'pbl2:part2|from_50mhz_to_1hz:d0|clock_divisor:d21|Q'
Slack : 0.234
TNS   : 0.000

Type  : Minimum Pulse Width 'pbl2:part2|from_50mhz_to_1hz:d0|clock_divisor:d22|Q'
Slack : 0.234
TNS   : 0.000

Type  : Minimum Pulse Width 'pbl2:part2|from_50mhz_to_1hz:d0|clock_divisor:d23|Q'
Slack : 0.234
TNS   : 0.000

Type  : Minimum Pulse Width 'pbl2:part2|from_50mhz_to_1hz:d0|clock_divisor:d24|Q'
Slack : 0.234
TNS   : 0.000

Type  : Minimum Pulse Width 'pbl2:part2|from_50mhz_to_1hz:d0|clock_divisor:d25|Q'
Slack : 0.234
TNS   : 0.000

Type  : Minimum Pulse Width 'pbl2:part2|from_50mhz_to_1hz:d0|clock_divisor:d2|Q'
Slack : 0.234
TNS   : 0.000

Type  : Minimum Pulse Width 'pbl2:part2|from_50mhz_to_1hz:d0|clock_divisor:d3|Q'
Slack : 0.234
TNS   : 0.000

Type  : Minimum Pulse Width 'pbl2:part2|from_50mhz_to_1hz:d0|clock_divisor:d4|Q'
Slack : 0.234
TNS   : 0.000

Type  : Minimum Pulse Width 'pbl2:part2|from_50mhz_to_1hz:d0|clock_divisor:d5|Q'
Slack : 0.234
TNS   : 0.000

Type  : Minimum Pulse Width 'pbl2:part2|from_50mhz_to_1hz:d0|clock_divisor:d6|Q'
Slack : 0.234
TNS   : 0.000

Type  : Minimum Pulse Width 'pbl2:part2|from_50mhz_to_1hz:d0|clock_divisor:d7|Q'
Slack : 0.234
TNS   : 0.000

Type  : Minimum Pulse Width 'pbl2:part2|from_50mhz_to_1hz:d0|clock_divisor:d8|Q'
Slack : 0.234
TNS   : 0.000

Type  : Minimum Pulse Width 'pbl2:part2|from_50mhz_to_1hz:d0|clock_divisor:d9|Q'
Slack : 0.234
TNS   : 0.000

------------------------------------------------------------
